[    1743ms] [ERROR] The Content Security Policy directive 'upgrade-insecure-requests' is ignored when delivered in a report-only policy. @ https://accounts.shopify.com/lookup?rid=4fcb7674-3c88-418e-b2b8-2fc7d7660d00&verify=1777621758-pQHq2zX6f0fmHCdPDuAo8YXoFhKTaZYqV1uozn27nzc%3D:0
[    2204ms] [ERROR] The Content Security Policy directive 'upgrade-insecure-requests' is ignored when delivered in a report-only policy. @ https://hcaptcha.com/1/api.js?render=explicit&onload=simpleCaptchaReady:3
[    2205ms] [ERROR] The Content Security Policy directive 'upgrade-insecure-requests' is ignored when delivered in a report-only policy. @ https://hcaptcha.com/1/api.js?render=explicit&onload=simpleCaptchaReady:3
[   39918ms] [ERROR] The Content Security Policy directive 'upgrade-insecure-requests' is ignored when delivered in a report-only policy. @ https://accounts.shopify.com/login/external/google/login?rid=4fcb7674-3c88-418e-b2b8-2fc7d7660d00:0
[   40389ms] [VERBOSE] [DOM] Password field is not contained in a form: (More info: https://goo.gl/9p2vKq) %o @ https://accounts.google.com/v3/signin/identifier?opparams=%253Fhl%2526hd&dsh=S2101192554%3A1777621797099626&access_type=offline&client_id=119434437228-oub0dlcoh7hi08817cqqchrma4ft5hpa.apps.googleusercontent.com&nonce=DjlIweujv7158hDxi6BTsw&o2v=1&prompt=select_account&redirect_uri=https%3A%2F%2Faccounts.shopify.com%2Flogin%2Fexternal%2Fgoogle%2Fcallback&response_type=code&scope=openid+email+profile&service=lso&state=2rtgI5oKRSG3BtB9G9Cr%252F%252BBx1l5q89MgY%252Bt6%252FgCldhwTl7bU0GaffGFTEcnOfvdbzWbPEad%252FN0i3X93s4Pt1XkxbDMZUY1ezUMmjlUB913NqG4LsjNJ9yQ4qz8WjsrsdUuYW8eGgteUKgKD4SQKxULgk1%252F6A08xzRR7pm6aTQu8Q2tjU378tdZBN5Wku37RS6keqpxftwFZhJ4lcEL5SIVyceElw3PZH0R%252Fzc3xYq83GK%252FBRAdv0Gw%253D%253D--B%252FCMPWVi%252BJporr%252Bg--0E7XpXiWb46PGW28dlIvdA%253D%253D&flowName=GeneralOAuthFlow&continue=https%3A%2F%2Faccounts.google.com%2Fsignin%2Foauth%2Fconsent%3Fauthuser%3Dunknown%26part%3DAJi8hAPfeoa8Ps4Kpqw_mKo_HNbJknPXlf_AQz38K2oZ_ciHTdUqFBnv_VYukabwTfFvxQPcxYepCwAoYBUULUJBj8_R9aUp7eDixzDL3Tc3jgj5REMOecmbxcDnGQbLXJXTyQzDNFHbdgz-AemTWwOLOwtqrsdYitce-0Mt8SG2dG8NJodrrsLdR6NXM7emQKj1BgWRTHSUC-Ksm_oa-hafo4REX6EpO3l8nN2kFLbcKthJ2IUNxpQaOhdLWYcstJBk-h-f5Um8LwQ5yt2ublYeFB6k-sbM9qJDAPk6lLWSleGNBYtYCIj5v40uoqJ0ds3sNpmHKCHXOBRy2GBYjDbalvAdiwQa0cu4cDjtUhyCjRlC8tWt3v-fusYwZSrgF9H9drMZCKygHPG_tF3pg8zwcs7wNnmpjXHdFWdAqphARcOoVdYY1EmZ72_U5D18UXLu85jNY_D33y7UI92yNQyTHYBBbwvJG3S1-N3tcc_tCel16xvUv24%26flowName%3DGeneralOAuthFlow%26hl%26as%3DS2101192554%253A1777621797099626%26client_id%3D119434437228-oub0dlcoh7hi08817cqqchrma4ft5hpa.apps.googleusercontent.com%26requestPath%3D%252Fsignin%252Foauth%252Fconsent%23&app_domain=https%3A%2F%2Faccounts.shopify.com&rart=ANgoxceeZbMfQWFsCOrCi9M8faJGWjg3yTF5JkExNQwEP7EtClxYorgXGT6uSLirdj53Pa3RvPZinxoPIoYBdzhWe1NA2vt-e8LZC7O6hL_56GzS0pNmUyQ:0
[   40393ms] [LOG] %c%s color: red; background: yellow; font-size: 24px; WARNING! @ https://www.gstatic.com/_/mss/boq-identity/_/js/k=boq-identity.AccountsSignInUi.en_US.LR4tOoY_RrE.es5.O/am=Kd8AAAChEAVCBgDj__8GAAiAIGrg9SwATSAyAAAAAAAAAABgAQAAGgE/d=1/excm=_b,_tp,identifierview/ed=1/dg=0/wt=2/ujg=1/rs=AOaEmlEIuzkx5dj4wfp08ys3tOpqQYEFjQ/dti=1/m=_b,_tp:542
[   40393ms] [LOG] %c%s font-size: 18px; Using this console may allow attackers to impersonate you and steal your information using an attack called Self-XSS.
Do not enter or paste code that you do not understand. @ https://www.gstatic.com/_/mss/boq-identity/_/js/k=boq-identity.AccountsSignInUi.en_US.LR4tOoY_RrE.es5.O/am=Kd8AAAChEAVCBgDj__8GAAiAIGrg9SwATSAyAAAAAAAAAABgAQAAGgE/d=1/excm=_b,_tp,identifierview/ed=1/dg=0/wt=2/ujg=1/rs=AOaEmlEIuzkx5dj4wfp08ys3tOpqQYEFjQ/dti=1/m=_b,_tp:542
[   58559ms] [WARNING] Blocked aria-hidden on an element because its descendant retained focus. The focus must not be hidden from assistive technology users. Avoid using aria-hidden on a focused element or its ancestor. Consider using the inert attribute instead, which will also prevent focus. For more details, see the aria-hidden section of the WAI-ARIA specification at https://w3c.github.io/aria/#aria-hidden.
Element with focus: <div.sZwd7c B6Vhqe>
Ancestor with aria-hidden: <div.TdwKnf> @ https://accounts.google.com/v3/signin/identifier?opparams=%253Fhl%2526hd&dsh=S2101192554%3A1777621797099626&access_type=offline&client_id=119434437228-oub0dlcoh7hi08817cqqchrma4ft5hpa.apps.googleusercontent.com&nonce=DjlIweujv7158hDxi6BTsw&o2v=1&prompt=select_account&redirect_uri=https%3A%2F%2Faccounts.shopify.com%2Flogin%2Fexternal%2Fgoogle%2Fcallback&response_type=code&scope=openid+email+profile&service=lso&state=2rtgI5oKRSG3BtB9G9Cr%252F%252BBx1l5q89MgY%252Bt6%252FgCldhwTl7bU0GaffGFTEcnOfvdbzWbPEad%252FN0i3X93s4Pt1XkxbDMZUY1ezUMmjlUB913NqG4LsjNJ9yQ4qz8WjsrsdUuYW8eGgteUKgKD4SQKxULgk1%252F6A08xzRR7pm6aTQu8Q2tjU378tdZBN5Wku37RS6keqpxftwFZhJ4lcEL5SIVyceElw3PZH0R%252Fzc3xYq83GK%252FBRAdv0Gw%253D%253D--B%252FCMPWVi%252BJporr%252Bg--0E7XpXiWb46PGW28dlIvdA%253D%253D&flowName=GeneralOAuthFlow&continue=https%3A%2F%2Faccounts.google.com%2Fsignin%2Foauth%2Fconsent%3Fauthuser%3Dunknown%26part%3DAJi8hAPfeoa8Ps4Kpqw_mKo_HNbJknPXlf_AQz38K2oZ_ciHTdUqFBnv_VYukabwTfFvxQPcxYepCwAoYBUULUJBj8_R9aUp7eDixzDL3Tc3jgj5REMOecmbxcDnGQbLXJXTyQzDNFHbdgz-AemTWwOLOwtqrsdYitce-0Mt8SG2dG8NJodrrsLdR6NXM7emQKj1BgWRTHSUC-Ksm_oa-hafo4REX6EpO3l8nN2kFLbcKthJ2IUNxpQaOhdLWYcstJBk-h-f5Um8LwQ5yt2ublYeFB6k-sbM9qJDAPk6lLWSleGNBYtYCIj5v40uoqJ0ds3sNpmHKCHXOBRy2GBYjDbalvAdiwQa0cu4cDjtUhyCjRlC8tWt3v-fusYwZSrgF9H9drMZCKygHPG_tF3pg8zwcs7wNnmpjXHdFWdAqphARcOoVdYY1EmZ72_U5D18UXLu85jNY_D33y7UI92yNQyTHYBBbwvJG3S1-N3tcc_tCel16xvUv24%26flowName%3DGeneralOAuthFlow%26hl%26as%3DS2101192554%253A1777621797099626%26client_id%3D119434437228-oub0dlcoh7hi08817cqqchrma4ft5hpa.apps.googleusercontent.com%26requestPath%3D%252Fsignin%252Foauth%252Fconsent%23&app_domain=https%3A%2F%2Faccounts.shopify.com&rart=ANgoxceeZbMfQWFsCOrCi9M8faJGWjg3yTF5JkExNQwEP7EtClxYorgXGT6uSLirdj53Pa3RvPZinxoPIoYBdzhWe1NA2vt-e8LZC7O6hL_56GzS0pNmUyQ:0
[   59619ms] [VERBOSE] [DOM] Password field is not contained in a form: (More info: https://goo.gl/9p2vKq) %o @ https://accounts.google.com/v3/signin/challenge/pwd?TL=APouJz45PTIpByo8E7vm4Wz4mw4xpzsPGFgUxW5nzySE_UkCdmLvh_rcDEl2c_hZ&access_type=offline&app_domain=https%3A%2F%2Faccounts.shopify.com&checkConnection=youtube%3A206&checkedDomains=youtube&cid=3&client_id=119434437228-oub0dlcoh7hi08817cqqchrma4ft5hpa.apps.googleusercontent.com&continue=https%3A%2F%2Faccounts.google.com%2Fsignin%2Foauth%2Fconsent%3Fauthuser%3Dunknown%26part%3DAJi8hAPfeoa8Ps4Kpqw_mKo_HNbJknPXlf_AQz38K2oZ_ciHTdUqFBnv_VYukabwTfFvxQPcxYepCwAoYBUULUJBj8_R9aUp7eDixzDL3Tc3jgj5REMOecmbxcDnGQbLXJXTyQzDNFHbdgz-AemTWwOLOwtqrsdYitce-0Mt8SG2dG8NJodrrsLdR6NXM7emQKj1BgWRTHSUC-Ksm_oa-hafo4REX6EpO3l8nN2kFLbcKthJ2IUNxpQaOhdLWYcstJBk-h-f5Um8LwQ5yt2ublYeFB6k-sbM9qJDAPk6lLWSleGNBYtYCIj5v40uoqJ0ds3sNpmHKCHXOBRy2GBYjDbalvAdiwQa0cu4cDjtUhyCjRlC8tWt3v-fusYwZSrgF9H9drMZCKygHPG_tF3pg8zwcs7wNnmpjXHdFWdAqphARcOoVdYY1EmZ72_U5D18UXLu85jNY_D33y7UI92yNQyTHYBBbwvJG3S1-N3tcc_tCel16xvUv24%26flowName%3DGeneralOAuthFlow%26hl%26as%3DS2101192554%253A1777621797099626%26client_id%3D119434437228-oub0dlcoh7hi08817cqqchrma4ft5hpa.apps.googleusercontent.com%26requestPath%3D%252Fsignin%252Foauth%252Fconsent%23&dsh=S2101192554%3A1777621797099626&flowName=GeneralOAuthFlow&nonce=DjlIweujv7158hDxi6BTsw&o2v=1&opparams=%253Fhl%2526hd&prompt=select_account&pstMsg=1&rart=ANgoxceeZbMfQWFsCOrCi9M8faJGWjg3yTF5JkExNQwEP7EtClxYorgXGT6uSLirdj53Pa3RvPZinxoPIoYBdzhWe1NA2vt-e8LZC7O6hL_56GzS0pNmUyQ&redirect_uri=https%3A%2F%2Faccounts.shopify.com%2Flogin%2Fexternal%2Fgoogle%2Fcallback&response_type=code&scope=openid%20email%20profile&service=lso&state=2rtgI5oKRSG3BtB9G9Cr%252F%252BBx1l5q89MgY%252Bt6%252FgCldhwTl7bU0GaffGFTEcnOfvdbzWbPEad%252FN0i3X93s4Pt1XkxbDMZUY1ezUMmjlUB913NqG4LsjNJ9yQ4qz8WjsrsdUuYW8eGgteUKgKD4SQKxULgk1%252F6A08xzRR7pm6aTQu8Q2tjU378tdZBN5Wku37RS6keqpxftwFZhJ4lcEL5SIVyceElw3PZH0R%252Fzc3xYq83GK%252FBRAdv0Gw%253D%253D--B%252FCMPWVi%252BJporr%252Bg--0E7XpXiWb46PGW28dlIvdA%253D%253D:0
[   75973ms] [ERROR] The Content Security Policy directive 'upgrade-insecure-requests' is ignored when delivered in a report-only policy. @ https://accounts.shopify.com/login/two-factor/app?rid=4fcb7674-3c88-418e-b2b8-2fc7d7660d00&send_code=true:0
[   76144ms] [ERROR] The Content Security Policy directive 'upgrade-insecure-requests' is ignored when delivered in a report-only policy. @ https://hcaptcha.com/1/api.js?hl=en-MT&onload=captchaEnterpriseOnloadCallback&render=explicit:3
[   76144ms] [ERROR] The Content Security Policy directive 'upgrade-insecure-requests' is ignored when delivered in a report-only policy. @ https://hcaptcha.com/1/api.js?hl=en-MT&onload=captchaEnterpriseOnloadCallback&render=explicit:3
[   87869ms] [WARNING] polaris:  JSHandle@node - accessibilityLabel is recommended when scroll-box is provided @ https://cdn.shopify.com/shopifycloud/web/assets/v1/vite/client/en/assets/main-ac6a3ea57ca0.js:1
[   88302ms] [WARNING] Failed to execute 'postMessage' on 'DOMWindow': The target origin provided ('https://online-store-web.shopifyapps.com') does not match the recipient window's origin ('https://admin.shopify.com'). @ https://cdn.shopify.com/shopifycloud/web/assets/v1/vite/client/en/common-e472926509b1.js:88
[   88302ms] [WARNING] Failed to execute 'postMessage' on 'DOMWindow': The target origin provided ('https://online-store-web.shopifyapps.com') does not match the recipient window's origin ('https://admin.shopify.com'). @ https://cdn.shopify.com/shopifycloud/web/assets/v1/vite/client/en/common-e472926509b1.js:88
[   88346ms] [WARNING] using deprecated parameters for the initialization function; pass a single object instead @ https://cdn.shopify.com/shopifycloud/web/assets/v1/vite/client/en/assets/main-ac6a3ea57ca0.js:1
[   90261ms] [WARNING] An error occurred! For more details, see the full error text at https://go.apollo.dev/c/err#%7B%22version%22%3A%223.12.11%22%2C%22message%22%3A15%2C%22args%22%3A%5B%22entitlements%22%2C%22Shop%22%2C%22either%20ensure%20all%20objects%20of%20type%20EntitlementsType%20have%20an%20ID%20or%20a%20custom%20merge%20function%2C%20or%20%22%2C%22Shop.entitlements%22%2C%22%7B%5Cn%20%20%5C%22__typename%5C%22%3A%20%5C%22EntitlementsType%5C%22%2C%5Cn%20%20%5C%22rollouts%5C%22%3A%20%7B%5Cn%20%20%20%20%5C%22__typename%5C%22%3A%20%5C%22RolloutsType%5C%22%2C%5Cn%20%20%20%20%5C%22scheduledRollouts%5C%22%3A%20true%5Cn%20%20%7D%5Cn%7D%22%2C%22%7B%5Cn%20%20%5C%22__typename%5C%22%3A%20%5C%22EntitlementsType%5C%22%2C%5Cn%20%20%5C%22markets%5C%22%3A%20%7B%5Cn%20%20%20%20%5C%22__typename%5C%22%3A%20%5C%22MarketsType%5C%22%2C%5Cn%20%20%20%20%5C%22themes%5C%22%3A%20%7B%5Cn%20%20%20%20%20%20%5C%22__typename%5C%22%3A%20%5C%22MarketsThemesEntitlement%5C%22%2C%5Cn%20%20%20%20%20%20%5C%22enabled%5C%22%3A%20false%5Cn%20%20%20%20%7D%5Cn%20%20%7D%5Cn%7D%22%5D%7D @ https://cdn.shopify.com/shopifycloud/online-store-web/assets/main/assets/main-e552833fdbbfd4c183c1a3fa4fa21e88716834b2.1.js:5
[   91093ms] [WARNING] A preload for 'https://cdn.shopify.com/s/files/1/0927/9383/1764/t/16/assets/overflow-list.css?v=13500019909476584571777035565' is found, but is not used because the request credentials mode does not match. Consider taking a look at crossorigin attribute. @ https://a9iz0x-ip.myshopify.com/?oseid=EJvmde4YEhiX2SdL738qDXUy:1949
[   91222ms] [LOG] [WebPixelsManager] Prevented from executing in the Theme Editor @ https://cdn.shopify.com/wpm/bf4d92176wf885f6b7p0eb8715fm37bdd4cem.js:0
[   91942ms] [WARNING] Dux iframe sync: Error processing message: SecurityError: Failed to read a named property 'constructor' from 'Window': Blocked a frame with origin "https://admin.shopify.com" from accessing a cross-origin frame.
    at https://cdn.shopify.com/shopifycloud/web/assets/v1/vite/client/en/common-e472926509b1.js:89:49407 @ https://cdn.shopify.com/shopifycloud/web/assets/v1/vite/client/en/assets/main-ac6a3ea57ca0.js:1
[   91093ms] [WARNING] A preload for 'https://cdn.shopify.com/s/files/1/0927/9383/1764/t/16/assets/overflow-list.css?v=13500019909476584571777035565' is found, but is not used because the request credentials mode does not match. Consider taking a look at crossorigin attribute. @ https://a9iz0x-ip.myshopify.com/?oseid=EJvmde4YEhiX2SdL738qDXUy:1949
[   92571ms] [LOG] [WebPixelsManager] Prevented from executing in the Theme Editor @ https://cdn.shopify.com/wpm/bf4d92176wf885f6b7p0eb8715fm37bdd4cem.js:0
[   91093ms] [WARNING] A preload for 'https://cdn.shopify.com/s/files/1/0927/9383/1764/t/16/assets/overflow-list.css?v=13500019909476584571777035565' is found, but is not used because the request credentials mode does not match. Consider taking a look at crossorigin attribute. @ https://a9iz0x-ip.myshopify.com/?oseid=EJvmde4YEhiX2SdL738qDXUy:1949
[   93850ms] [LOG] [WebPixelsManager] Prevented from executing in the Theme Editor @ https://cdn.shopify.com/wpm/bf4d92176wf885f6b7p0eb8715fm37bdd4cem.js:0
[  103005ms] [WARNING] The resource https://cdn.shopify.com/s/files/1/0927/9383/1764/t/16/assets/overflow-list.css?v=13500019909476584571777035565 was preloaded using link preload but not used within a few seconds from the window's load event. Please make sure it has an appropriate `as` value and it is preloaded intentionally. @ https://a9iz0x-ip.myshopify.com/?oseid=EJvmde4YEhiX2SdL738qDXUy&source=visualPreviewInitialLoad:0
[  103005ms] [WARNING] The resource https://cdn.shopify.com/s/files/1/0927/9383/1764/t/16/assets/overflow-list.css?v=13500019909476584571777035565 was preloaded using link preload but not used within a few seconds from the window's load event. Please make sure it has an appropriate `as` value and it is preloaded intentionally. @ https://a9iz0x-ip.myshopify.com/?oseid=EJvmde4YEhiX2SdL738qDXUy&source=visualPreviewInitialLoad:0
[  103006ms] [WARNING] The resource https://cdn.shopify.com/s/files/1/0927/9383/1764/t/16/assets/overflow-list.css?v=13500019909476584571777035565 was preloaded using link preload but not used within a few seconds from the window's load event. Please make sure it has an appropriate `as` value and it is preloaded intentionally. @ https://a9iz0x-ip.myshopify.com/?oseid=EJvmde4YEhiX2SdL738qDXUy:0
[  110501ms] [WARNING] The resource https://cdn.shopify.com/s/files/1/0927/9383/1764/t/16/assets/overflow-list.css?v=13500019909476584571777035565 was preloaded using link preload but not used within a few seconds from the window's load event. Please make sure it has an appropriate `as` value and it is preloaded intentionally. @ https://a9iz0x-ip.myshopify.com/?oseid=EJvmde4YEhiX2SdL738qDXUy:0
[  115192ms] [WARNING] The resource https://cdn.shopify.com/s/files/1/0927/9383/1764/t/16/assets/overflow-list.css?v=13500019909476584571777035565 was preloaded using link preload but not used within a few seconds from the window's load event. Please make sure it has an appropriate `as` value and it is preloaded intentionally. @ https://a9iz0x-ip.myshopify.com/?oseid=EJvmde4YEhiX2SdL738qDXUy:0
[  130272ms] [WARNING] The resource https://cdn.shopify.com/s/files/1/0927/9383/1764/t/16/assets/overflow-list.css?v=13500019909476584571777035565 was preloaded using link preload but not used within a few seconds from the window's load event. Please make sure it has an appropriate `as` value and it is preloaded intentionally. @ https://a9iz0x-ip.myshopify.com/?oseid=EJvmde4YEhiX2SdL738qDXUy:0
[  131767ms] [WARNING] The resource https://cdn.shopify.com/s/files/1/0927/9383/1764/t/16/assets/overflow-list.css?v=13500019909476584571777035565 was preloaded using link preload but not used within a few seconds from the window's load event. Please make sure it has an appropriate `as` value and it is preloaded intentionally. @ https://a9iz0x-ip.myshopify.com/?oseid=EJvmde4YEhiX2SdL738qDXUy&source=visualPreviewInitialLoad:0
[  132703ms] [WARNING] The resource https://cdn.shopify.com/s/files/1/0927/9383/1764/t/16/assets/overflow-list.css?v=13500019909476584571777035565 was preloaded using link preload but not used within a few seconds from the window's load event. Please make sure it has an appropriate `as` value and it is preloaded intentionally. @ https://a9iz0x-ip.myshopify.com/?oseid=EJvmde4YEhiX2SdL738qDXUy&source=visualPreviewInitialLoad:0
[  134669ms] [WARNING] The resource https://cdn.shopify.com/s/files/1/0927/9383/1764/t/16/assets/overflow-list.css?v=13500019909476584571777035565 was preloaded using link preload but not used within a few seconds from the window's load event. Please make sure it has an appropriate `as` value and it is preloaded intentionally. @ https://a9iz0x-ip.myshopify.com/?oseid=EJvmde4YEhiX2SdL738qDXUy:0
[  137709ms] [WARNING] The resource https://cdn.shopify.com/s/files/1/0927/9383/1764/t/16/assets/overflow-list.css?v=13500019909476584571777035565 was preloaded using link preload but not used within a few seconds from the window's load event. Please make sure it has an appropriate `as` value and it is preloaded intentionally. @ https://a9iz0x-ip.myshopify.com/?oseid=EJvmde4YEhiX2SdL738qDXUy:0
[  161166ms] [WARNING] The resource https://cdn.shopify.com/s/files/1/0927/9383/1764/t/16/assets/overflow-list.css?v=13500019909476584571777035565 was preloaded using link preload but not used within a few seconds from the window's load event. Please make sure it has an appropriate `as` value and it is preloaded intentionally. @ https://a9iz0x-ip.myshopify.com/?oseid=EJvmde4YEhiX2SdL738qDXUy:0
[  162687ms] [WARNING] The resource https://cdn.shopify.com/s/files/1/0927/9383/1764/t/16/assets/overflow-list.css?v=13500019909476584571777035565 was preloaded using link preload but not used within a few seconds from the window's load event. Please make sure it has an appropriate `as` value and it is preloaded intentionally. @ https://a9iz0x-ip.myshopify.com/?oseid=EJvmde4YEhiX2SdL738qDXUy&source=visualPreviewInitialLoad:0
[  163552ms] [WARNING] The resource https://cdn.shopify.com/s/files/1/0927/9383/1764/t/16/assets/overflow-list.css?v=13500019909476584571777035565 was preloaded using link preload but not used within a few seconds from the window's load event. Please make sure it has an appropriate `as` value and it is preloaded intentionally. @ https://a9iz0x-ip.myshopify.com/?oseid=EJvmde4YEhiX2SdL738qDXUy&source=visualPreviewInitialLoad:0
[  170559ms] [WARNING] The resource https://cdn.shopify.com/s/files/1/0927/9383/1764/t/16/assets/overflow-list.css?v=13500019909476584571777035565 was preloaded using link preload but not used within a few seconds from the window's load event. Please make sure it has an appropriate `as` value and it is preloaded intentionally. @ https://a9iz0x-ip.myshopify.com/?oseid=EJvmde4YEhiX2SdL738qDXUy:0
[  175917ms] [WARNING] The resource https://cdn.shopify.com/s/files/1/0927/9383/1764/t/16/assets/overflow-list.css?v=13500019909476584571777035565 was preloaded using link preload but not used within a few seconds from the window's load event. Please make sure it has an appropriate `as` value and it is preloaded intentionally. @ https://a9iz0x-ip.myshopify.com/?oseid=EJvmde4YEhiX2SdL738qDXUy:0
[  257182ms] [VERBOSE] Rendering was performed in a subtree hidden by content-visibility. @ :3119
[  257182ms] [VERBOSE] Rendering was performed in a subtree hidden by content-visibility. @ :3119
[  257185ms] [VERBOSE] Rendering was performed in a subtree hidden by content-visibility. @ :3119
[  257185ms] [VERBOSE] Rendering was performed in a subtree hidden by content-visibility. @ :3119
[  257186ms] [VERBOSE] Rendering was performed in a subtree hidden by content-visibility. @ :3119
[  257186ms] [VERBOSE] Rendering was performed in a subtree hidden by content-visibility. @ :3119
[  257187ms] [VERBOSE] Rendering was performed in a subtree hidden by content-visibility. @ :3119
[  257187ms] [VERBOSE] Rendering was performed in a subtree hidden by content-visibility. @ :3119
[  257189ms] [VERBOSE] Rendering was performed in a subtree hidden by content-visibility. @ :3119
[  257189ms] [VERBOSE] Rendering was performed in a subtree hidden by content-visibility. @ :3119
[  257190ms] [VERBOSE] Rendering was performed in a subtree hidden by content-visibility. @ :3119
[  257190ms] [VERBOSE] Rendering was performed in a subtree hidden by content-visibility. @ :3119
[  257192ms] [VERBOSE] Rendering was performed in a subtree hidden by content-visibility. @ :3119
[  257192ms] [VERBOSE] Rendering was performed in a subtree hidden by content-visibility. @ :3119
[  257193ms] [VERBOSE] Rendering was performed in a subtree hidden by content-visibility. @ :3119
[  257193ms] [VERBOSE] Rendering was performed in a subtree hidden by content-visibility. @ :3119
[  257195ms] [VERBOSE] Rendering was performed in a subtree hidden by content-visibility. @ :3119
[  257195ms] [VERBOSE] Rendering was performed in a subtree hidden by content-visibility. @ :3119
[  257196ms] [VERBOSE] Rendering was performed in a subtree hidden by content-visibility. @ :3119
[  257196ms] [VERBOSE] Rendering was performed in a subtree hidden by content-visibility. @ :3119
[  257198ms] [VERBOSE] Rendering was performed in a subtree hidden by content-visibility. @ :3119
[  257198ms] [VERBOSE] Rendering was performed in a subtree hidden by content-visibility. @ :3119
[  257199ms] [VERBOSE] Rendering was performed in a subtree hidden by content-visibility. @ :3119
[  257199ms] [VERBOSE] Rendering was performed in a subtree hidden by content-visibility. @ :3119
[  257200ms] [VERBOSE] Rendering was performed in a subtree hidden by content-visibility. @ :3119
[  257200ms] [VERBOSE] Rendering was performed in a subtree hidden by content-visibility. @ :3119
[  257204ms] [VERBOSE] Rendering was performed in a subtree hidden by content-visibility. @ :3119
[  257204ms] [VERBOSE] Rendering was performed in a subtree hidden by content-visibility. @ :3119
[  257205ms] [VERBOSE] Rendering was performed in a subtree hidden by content-visibility. @ :3119
[  257206ms] [VERBOSE] Rendering was performed in a subtree hidden by content-visibility. @ :3119
[  257207ms] [VERBOSE] Rendering was performed in a subtree hidden by content-visibility. @ :3119
[  257207ms] [VERBOSE] Rendering was performed in a subtree hidden by content-visibility. @ :3119
[  257208ms] [VERBOSE] Rendering was performed in a subtree hidden by content-visibility. @ :3119
[  257208ms] [VERBOSE] Rendering was performed in a subtree hidden by content-visibility. @ :3119
[  257209ms] [VERBOSE] Rendering was performed in a subtree hidden by content-visibility. @ :3119
[  257209ms] [VERBOSE] Rendering was performed in a subtree hidden by content-visibility. @ :3119
[  257211ms] [VERBOSE] Rendering was performed in a subtree hidden by content-visibility. @ :3119
[  257211ms] [VERBOSE] Rendering was performed in a subtree hidden by content-visibility. @ :3119
[  257212ms] [VERBOSE] Rendering was performed in a subtree hidden by content-visibility. @ :3119
[  257212ms] [VERBOSE] Rendering was performed in a subtree hidden by content-visibility. @ :3119
[  257213ms] [VERBOSE] Rendering was performed in a subtree hidden by content-visibility. @ :3119
[  257213ms] [VERBOSE] Rendering was performed in a subtree hidden by content-visibility. @ :3119
[  257215ms] [VERBOSE] Rendering was performed in a subtree hidden by content-visibility. @ :3119
[  257215ms] [VERBOSE] Rendering was performed in a subtree hidden by content-visibility. @ :3119
[  257216ms] [VERBOSE] Rendering was performed in a subtree hidden by content-visibility. @ :3119
[  257216ms] [VERBOSE] Rendering was performed in a subtree hidden by content-visibility. @ :3119
[  257217ms] [VERBOSE] Rendering was performed in a subtree hidden by content-visibility. @ :3119
[  257217ms] [VERBOSE] Rendering was performed in a subtree hidden by content-visibility. @ :3119
[  257218ms] [VERBOSE] Rendering was performed in a subtree hidden by content-visibility. @ :3119
[  257218ms] [VERBOSE] Rendering was performed in a subtree hidden by content-visibility. @ :3119
[  257219ms] [VERBOSE] Rendering was performed in a subtree hidden by content-visibility. @ :3119
[  257219ms] [VERBOSE] Rendering was performed in a subtree hidden by content-visibility. @ :3119
[  257220ms] [VERBOSE] Rendering was performed in a subtree hidden by content-visibility. @ :3119
[  257221ms] [VERBOSE] Rendering was performed in a subtree hidden by content-visibility. @ :3119
[  257222ms] [VERBOSE] Rendering was performed in a subtree hidden by content-visibility. @ :3119
[  257222ms] [VERBOSE] Rendering was performed in a subtree hidden by content-visibility. @ :3119
[  257250ms] [VERBOSE] Rendering was performed in a subtree hidden by content-visibility. @ :3119
